// Jest Snapshot v1, https://goo.gl/fbAQLP

exports[`Book should keep an up-to-date snapshot 1`] = `
<section
  className="Book_section"
>
  <img
    alt="The Cat in the Hat"
    className="Book_image"
    src="http//:image.png"
  />
  <h3>
    The Cat in the Hat
  </h3>
  <p>
    Author(s): 
    Dr. Seuss
  </p>
  <img
    className="Book_image-favorite"
    onClick={[Function]}
    src="headphones.svg"
  />
  <Link
    className="link"
    to="/details/1"
  >
    <button>
      See more Info
    </button>
  </Link>
</section>
`;
